main.c:74:6:readString	4	static
main.c:90:6:getDirection	16	static
main.c:96:6:getPWM	24	static
main.c:106:6:HAL_UART_RxCpltCallback	16	static
main.c:113:19:returnTimer	96	static
main.c:130:6:runMotor	8	static
main.c:145:5:main	168	static
main.c:206:6:SystemClock_Config	160	static
main.c:256:13:MX_TIM1_Init	96	static
main.c:326:13:MX_TIM2_Init	48	static
main.c:375:13:MX_TIM3_Init	48	static
main.c:424:13:MX_TIM4_Init	48	static
main.c:473:13:MX_USART3_UART_Init	8	static
main.c:508:13:MX_GPIO_Init	24	static
main.c:526:6:Error_Handler	4	static,ignoring_inline_asm
